[2024-09-07T05:59:06.829+0000] {taskinstance.py:1159} INFO - Dependencies all met for dep_context=non-requeueable deps ti=<TaskInstance: elt_reddit_pipeline.s3_upload manual__2024-09-07T05:59:03.134284+00:00 [queued]>
[2024-09-07T05:59:06.834+0000] {taskinstance.py:1159} INFO - Dependencies all met for dep_context=requeueable deps ti=<TaskInstance: elt_reddit_pipeline.s3_upload manual__2024-09-07T05:59:03.134284+00:00 [queued]>
[2024-09-07T05:59:06.834+0000] {taskinstance.py:1361} INFO - Starting attempt 1 of 1
[2024-09-07T05:59:06.840+0000] {taskinstance.py:1382} INFO - Executing <Task(PythonOperator): s3_upload> on 2024-09-07 05:59:03.134284+00:00
[2024-09-07T05:59:06.844+0000] {standard_task_runner.py:57} INFO - Started process 65 to run task
[2024-09-07T05:59:06.847+0000] {standard_task_runner.py:84} INFO - Running: ['airflow', 'tasks', 'run', 'elt_reddit_pipeline', 's3_upload', 'manual__2024-09-07T05:59:03.134284+00:00', '--job-id', '7', '--raw', '--subdir', 'DAGS_FOLDER/reddit_dag.py', '--cfg-path', '/tmp/tmpwdwuwc77']
[2024-09-07T05:59:06.849+0000] {standard_task_runner.py:85} INFO - Job 7: Subtask s3_upload
[2024-09-07T05:59:06.876+0000] {task_command.py:416} INFO - Running <TaskInstance: elt_reddit_pipeline.s3_upload manual__2024-09-07T05:59:03.134284+00:00 [running]> on host 6dfe2b8396e1
[2024-09-07T05:59:06.914+0000] {taskinstance.py:1662} INFO - Exporting env vars: AIRFLOW_CTX_DAG_OWNER='Brendan Wallace Nash' AIRFLOW_CTX_DAG_ID='elt_reddit_pipeline' AIRFLOW_CTX_TASK_ID='s3_upload' AIRFLOW_CTX_EXECUTION_DATE='2024-09-07T05:59:03.134284+00:00' AIRFLOW_CTX_TRY_NUMBER='1' AIRFLOW_CTX_DAG_RUN_ID='manual__2024-09-07T05:59:03.134284+00:00'
[2024-09-07T05:59:06.921+0000] {logging_mixin.py:151} INFO - module 's3fs' has no attribute 's3FileSystem'
[2024-09-07T05:59:06.921+0000] {logging_mixin.py:151} INFO - 'NoneType' object has no attribute 'exists'
[2024-09-07T05:59:06.921+0000] {taskinstance.py:1937} ERROR - Task failed with exception
Traceback (most recent call last):
  File "/home/airflow/.local/lib/python3.9/site-packages/airflow/operators/python.py", line 192, in execute
    return_value = self.execute_callable()
  File "/home/airflow/.local/lib/python3.9/site-packages/airflow/operators/python.py", line 209, in execute_callable
    return self.python_callable(*self.op_args, **self.op_kwargs)
  File "/opt/airflow/pipelines/aws_s3_pipeline.py", line 10, in upload_s3_pipeline
    upload_to_s3(s3, file_path, AWS_BUCKET_NAME, file_path.split('/')[-1])
  File "/opt/airflow/etls/aws_etl.py", line 28, in upload_to_s3
    s3.put(file_path, bucket+'/raw/'+ s3_file_name)
AttributeError: 'NoneType' object has no attribute 'put'
[2024-09-07T05:59:06.926+0000] {taskinstance.py:1400} INFO - Marking task as FAILED. dag_id=elt_reddit_pipeline, task_id=s3_upload, execution_date=20240907T055903, start_date=20240907T055906, end_date=20240907T055906
[2024-09-07T05:59:06.931+0000] {standard_task_runner.py:104} ERROR - Failed to execute job 7 for task s3_upload ('NoneType' object has no attribute 'put'; 65)
[2024-09-07T05:59:06.941+0000] {local_task_job_runner.py:228} INFO - Task exited with return code 1
[2024-09-07T05:59:06.951+0000] {taskinstance.py:2778} INFO - 0 downstream tasks scheduled from follow-on schedule check
